npx : C:\Users\Lenovo\Docum
ents\tempolendana3\src\lib\
supabase.ts:5
At line:1 char:1
+ npx tsx test-db.ts > 
test-output.txt 2>&1
+ ~~~~~~~~~~~~~~~~~~~~~~~~~
~~~~~~~~~~~~~~~~
    + CategoryInfo         
     : NotSpecified: (C:\  
  Users\Lenovo...b\supab   
 ase.ts:5:String) [], R    
emoteException
    + FullyQualifiedErrorI 
   d : NativeCommandError
 
  import.meta.env.VITE_SUPA
BASE_URL || "https://your-p
roject.supabase.co";
                  ^


TypeError: Cannot read 
properties of undefined 
(reading 
'VITE_SUPABASE_URL')
    at <anonymous> (C:\User
s\Lenovo\Documents\tempolen
dana3\src\lib\supabase.ts:5
:19)
    at ModuleJob.run (node:
internal/modules/esm/module
_job:234:25)
    at async 
ModuleLoader.import (node:i
nternal/modules/esm/loader:
473:24)
    at async asyncRunEntryP
ointWithESMLoader (node:int
ernal/modules/run_main:123:
5)

Node.js v20.17.0
